30 size=ï¿½ets Jul 29 2019 12:21:46

rst:0x1 (POWERON_RESET),boot:0x13 (SPI_FAST_FLASH_BOOT)
configsip: 0, SPIWP:0xee
clk_drv:0x00,q_drv:0x00,d_drv:0x00,cs0_drv:0x00,hd_drv:0x00,wp_drv:0x00
mode:DIO, clock div:2
load:0x3fff0030,len:7140
load:0x40078000,len:15500
load:0x40080400,len:4
load:0x40080404,len:3904
entry 0x40080640
[0;32mI (29) boot: ESP-IDF v5.2-dev-3775-gb4268c874a 2nd stage bootloader[0m
[0;32mI (29) boot: compile time Jan 14 2024 10:05:16[0m
[0;32mI (31) boot: Multicore bootloader[0m
[0;32mI (35) boot: chip revision: v3.0[0m
[0;32mI (39) boot.esp32: SPI Speed      : 40MHz[0m
[0;32mI (44) boot.esp32: SPI Mode       : DIO[0m
[0;32mI (48) boot.esp32: SPI Flash Size : 4MB[0m
[0;32mI (53) boot: Enabling RNG early entropy source...[0m
[0;32mI (58) boot: Partition Table:[0m
[0;32mI (62) boot: ## Label            Usage          Type ST Offset   Length[0m
[0;32mI (69) boot:  0 nvs              WiFi data        01 02 00009000 00006000[0m
[0;32mI (76) boot:  1 phy_init         RF data          01 01 0000f000 00001000[0m
[0;32mI (84) boot:  2 factory          factory app      00 00 00010000 00100000[0m
[0;32mI (91) boot: End of partition table[0m
[0;32mI (96) esp_image: segment 0: paddr=00010020 vaddr=3f400020 size=187d4h (100308) map[0m
[0;32mI (139) esp_image: segment 1: paddr=000287fc vaddr=3ffb0000 size=028e4h ( 10468) load[0m
[0;32mI (143) esp_image: segment 2: paddr=0002b0e8 vaddr=40080000 size=04f30h ( 20272) load[0m
[0;32mI (152) esp_image: segment 3: paddr=00030020 vaddr=400d0020 size=2670ch (157452) map[0m
[0;32mI (207) esp_image: segment 4: paddr=00056734 vaddr=40084f30 size=099b8h ( 39352) load[0m
[0;32mI (230) boot: Loaded app from partition at offset 0x10000[0m
[0;32mI (230) boot: Disabling RNG early entropy source...[0m
[0;32mI (241) cpu_start: Multicore app[0m
[0;32mI (250) cpu_start: Pro cpu start user code[0m
[0;32mI (250) cpu_start: cpu freq: 160000000 Hz[0m
[0;32mI (250) cpu_start: Application information:[0m
[0;32mI (253) cpu_start: Project name:     spi_master[0m
[0;32mI (258) cpu_start: App version:      1[0m
[0;32mI (263) cpu_start: Compile time:     Jan 14 2024 10:05:14[0m
[0;32mI (269) cpu_start: ELF file SHA256:  ed12d6616...[0m
[0;32mI (274) cpu_start: ESP-IDF:          v5.2-dev-3775-gb4268c874a[0m
[0;32mI (281) cpu_start: Min chip rev:     v0.0[0m
[0;32mI (285) cpu_start: Max chip rev:     v3.99 [0m
[0;32mI (290) cpu_start: Chip rev:         v3.0[0m
[0;32mI (295) heap_init: Initializing. RAM available for dynamic allocation:[0m
[0;32mI (302) heap_init: At 3FFAE6E0 len 00001920 (6 KiB): DRAM[0m
[0;32mI (308) heap_init: At 3FFB3360 len 0002CCA0 (179 KiB): DRAM[0m
[0;32mI (315) heap_init: At 3FFE0440 len 00003AE0 (14 KiB): D/IRAM[0m
[0;32mI (321) heap_init: At 3FFE4350 len 0001BCB0 (111 KiB): D/IRAM[0m
[0;32mI (327) heap_init: At 4008E8E8 len 00011718 (69 KiB): IRAM[0m
[0;32mI (335) spi_flash: detected chip: generic[0m
[0;32mI (338) spi_flash: flash io: dio[0m
[0;32mI (343) main_task: Started on CPU0[0m
[0;32mI (353) main_task: Calling app_main()[0m
Free heap memory at start: 298684
[0;32mI (353) sd_card: Initializing SD card[0m
[0;32mI (353) sd_card: Using SPI peripheral[0m
[0;32mI (353) sd_card: Mounting filesystem[0m
[0;32mI (363) gpio: GPIO[15]| InputEn: 0| OutputEn: 1| OpenDrain: 0| Pullup: 0| Pulldown: 0| Intr:0 [0m
[0;32mI (373) sdspi_transaction: cmd=52, R1 response: command not supported[0m
[0;32mI (423) sdspi_transaction: cmd=5, R1 response: command not supported[0m
[0;32mI (463) sd_card: Filesystem mounted[0m
Used memory for spi_init: 29656
[0;32mI (463) gpio: GPIO[0]| InputEn: 0| OutputEn: 1| OpenDrain: 0| Pullup: 1| Pulldown: 0| Intr:0 [0m
[0;32mI (463) gpio: GPIO[4]| InputEn: 0| OutputEn: 1| OpenDrain: 0| Pullup: 1| Pulldown: 0| Intr:0 [0m
[0;32mI (473) gpio: GPIO[22]| InputEn: 0| OutputEn: 1| OpenDrain: 0| Pullup: 1| Pulldown: 0| Intr:0 [0m
[0;32mI (883) gpio: GPIO[34]| InputEn: 1| OutputEn: 0| OpenDrain: 0| Pullup: 0| Pulldown: 0| Intr:0 [0m
[0;32mI (883) gpio: GPIO[35]| InputEn: 1| OutputEn: 0| OpenDrain: 0| Pullup: 0| Pulldown: 0| Intr:0 [0m
[0;32mI (883) gpio: GPIO[36]| InputEn: 1| OutputEn: 0| OpenDrain: 0| Pullup: 0| Pulldown: 0| Intr:0 [0m
[0;32mI (893) gpio: GPIO[39]| InputEn: 1| OutputEn: 0| OpenDrain: 0| Pullup: 0| Pulldown: 0| Intr:0 [0m
Name: SU08G
Type: SDHC/SDXC
Speed: 20.00 MHz (limit: 20.00 MHz)
Size: 7580MB
CSD: ver=2, sector_size=512, capacity=15523840 read_bl_len=9
SSR: bus_width=1
[0;32mI (923) sd_card: Opening file /sdcard/hello.txt[0m
[0;32mI (943) sd_card: File written[0m
[0;32mI (943) sd_card: Renaming file /sdcard/hello.txt to /sdcard/foo.txt[0m
[0;32mI (943) sd_card: Reading file /sdcard/foo.txt[0m
[0;32mI (943) sd_card: Read from file 'Hello SU08G!'[0m
[0;32mI (953) vfs_fat_sdmmc: Formatting card, allocation unit size=16384[0m
[0;32mI (4703) sd_card: file doesn't exist, format done[0m
[0;32mI (4703) sd_card: Opening file /sdcard/nihao.txt[0m
[0;32mI (4723) sd_card: File written[0m
[0;32mI (4723) sd_card: Reading file /sdcard/nihao.txt[0m
[0;32mI (4723) sd_card: Read from file 'Nihao SU08G!'[0m
[0;32mI (4733) gpio: GPIO[15]| InputEn: 1| OutputEn: 0| OpenDrain: 0| Pullup: 0| Pulldown: 0| Intr:0 [0m
[0;32mI (4733) sd_card: Card unmounted[0m
Used memory for sd_init: -28100
Free memory: 297128
Trying to allocate 153600 memory from available, 139264 memory
[0;31mE (4753) ImageDec: decode_image(36): Error when trying to allocate memory for image[0m
ESP_ERROR_CHECK failed: esp_err_t 0x101 (ESP_ERR_NO_MEM) at 0x400d5f2f
file: "./main/main.c" line 77
func: app_main
expression: ret

abort() was called at PC 0x400869d7 on core 0


Backtrace: 0x40081712:0x3ffb5540 0x400869e1:0x3ffb5560 0x4008d265:0x3ffb5580 0x400869d7:0x3ffb55f0 0x400d5f2f:0x3ffb5620 0x400f5f34:0x3ffb5660 0x40087475:0x3ffb5690




ELF file SHA256: ed12d6616

CPU halted.
