Ñ¥ï¿½ï¿½ï¿½inforets Jul 29 2019 12:21:46

rst:0x1 (POWERON_RESET),boot:0x13 (SPI_FAST_FLASH_BOOT)
configsip: 0, SPIWP:0xee
clk_drv:0x00,q_drv:0x00,d_drv:0x00,cs0_drv:0x00,hd_drv:0x00,wp_drv:0x00
mode:DIO, clock div:2
load:0x3fff0030,len:7140
load:0x40078000,len:15500
load:0x40080400,len:4
load:0x40080404,len:3904
entry 0x40080640
[0;32mI (29) boot: ESP-IDF v5.2-dev-3775-gb4268c874a 2nd stage bootloader[0m
[0;32mI (29) boot: compile time Jan 14 2024 10:05:16[0m
[0;32mI (31) boot: Multicore bootloader[0m
[0;32mI (35) boot: chip revision: v3.1[0m
[0;32mI (39) boot.esp32: SPI Speed      : 40MHz[0m
[0;32mI (44) boot.esp32: SPI Mode       : DIO[0m
[0;32mI (48) boot.esp32: SPI Flash Size : 4MB[0m
[0;32mI (53) boot: Enabling RNG early entropy source...[0m
[0;32mI (58) boot: Partition Table:[0m
[0;32mI (62) boot: ## Label            Usage          Type ST Offset   Length[0m
[0;32mI (69) boot:  0 nvs              WiFi data        01 02 00009000 00006000[0m
[0;32mI (76) boot:  1 phy_init         RF data          01 01 0000f000 00001000[0m
[0;32mI (84) boot:  2 factory          factory app      00 00 00010000 00100000[0m
[0;32mI (91) boot: End of partition table[0m
[0;32mI (96) esp_image: segment 0: paddr=00010020 vaddr=3f400020 size=0946ch ( 37996) map[0m
[0;32mI (117) esp_image: segment 1: paddr=00019494 vaddr=3ffb0000 size=021f4h (  8692) load[0m
[0;32mI (121) esp_image: segment 2: paddr=0001b690 vaddr=40080000 size=04988h ( 18824) load[0m
[0;32mI (131) esp_image: segment 3: paddr=00020020 vaddr=400d0020 size=1342ch ( 78892) map[0m
[0;32mI (159) esp_image: segment 4: paddr=00033454 vaddr=40084988 size=078b8h ( 30904) load[0m
[0;32mI (177) boot: Loaded app from partition at offset 0x10000[0m
[0;32mI (177) boot: Disabling RNG early entropy source...[0m
[0;32mI (189) cpu_start: Multicore app[0m
[0;32mI (197) cpu_start: Pro cpu start user code[0m
[0;32mI (198) cpu_start: cpu freq: 160000000 Hz[0m
[0;32mI (198) cpu_start: Application information:[0m
[0;32mI (201) cpu_start: Project name:     spi_master[0m
[0;32mI (206) cpu_start: App version:      1[0m
[0;32mI (210) cpu_start: Compile time:     Jan 14 2024 10:05:14[0m
[0;32mI (216) cpu_start: ELF file SHA256:  94df1d39f...[0m
[0;32mI (222) cpu_start: ESP-IDF:          v5.2-dev-3775-gb4268c874a[0m
[0;32mI (228) cpu_start: Min chip rev:     v0.0[0m
[0;32mI (233) cpu_start: Max chip rev:     v3.99 [0m
[0;32mI (238) cpu_start: Chip rev:         v3.1[0m
[0;32mI (243) heap_init: Initializing. RAM available for dynamic allocation:[0m
[0;32mI (250) heap_init: At 3FFAE6E0 len 00001920 (6 KiB): DRAM[0m
[0;32mI (256) heap_init: At 3FFB2AB8 len 0002D548 (181 KiB): DRAM[0m
[0;32mI (262) heap_init: At 3FFE0440 len 00003AE0 (14 KiB): D/IRAM[0m
[0;32mI (268) heap_init: At 3FFE4350 len 0001BCB0 (111 KiB): D/IRAM[0m
[0;32mI (275) heap_init: At 4008C240 len 00013DC0 (79 KiB): IRAM[0m
[0;32mI (282) spi_flash: detected chip: generic[0m
[0;32mI (286) spi_flash: flash io: dio[0m
[0;32mI (290) main_task: Started on CPU0[0m
[0;32mI (300) main_task: Calling app_main()[0m
Free heap memory at start: 300900
Used memory for spi_init: 0
Used memory for sd_init: 0
Free memory: 300900
Used memory for graphics: 0
Used heap memory: 0
Free memory: 300900
[0;32mI (310) main_task: Returned from app_main()[0m
